Microchip MPLAB XC8 Compiler V2.00 ()

Linker command line:

-W-3 --edf=C:\Program Files (x86)\Microchip\xc8\v2.00\pic\dat\en_msgs.txt \
  -cs -h+dist/default/production\Motion.X.production.sym \
  --cmf=dist/default/production\Motion.X.production.cmf -z -Q18F1330 \
  -oC:\Users\me\AppData\Local\Temp\s9no.2 --defsym=__MPLAB_BUILD=1 \
  -Mdist/default/production/Motion.X.production.map -E1 -ver=XC8 \
  --acfsm=1493 -ASTACK=080h-0ffh -pstack=STACK -ACODE=00h-01FFFh \
  -ACONST=00h-01FFFh -ASMALLCONST=0100h-01FFhx31 -AMEDIUMCONST=0100h-01FFFh \
  -ACOMRAM=01h-07Fh -AABS1=00h-0FFh -ABIGRAM=01h-0FFh -ARAM=080h-0FFh \
  -ABANK0=080h-0FFh -ASFR=0F80h-0FFFh \
  -preset_vec=00h,intcode=08h,intcodelo,powerup,init -pramtop=0100h \
  -psmallconst=SMALLCONST -pmediumconst=MEDIUMCONST -pconst=CONST \
  -AFARRAM=00h-00h -ACONFIG=0300000h-030000Dh -pconfig=CONFIG \
  -AIDLOC=0200000h-0200007h -pidloc=IDLOC -AEEDATA=0F00000h-0F0007Fh \
  -peeprom_data=EEDATA \
  -prdata=COMRAM,nvrram=COMRAM,nvbit=COMRAM,rbss=COMRAM,rbit=COMRAM \
  -pfarbss=FARRAM,fardata=FARRAM,nvFARRAM=FARRAM \
  -pintsave_regs=BIGRAM,bigbss=BIGRAM,bigdata=BIGRAM -pbss=RAM \
  -pidata=CODE,irdata=CODE,ibigdata=CODE,ifardata=CODE -prparam=COMRAM \
  C:\Users\me\AppData\Local\Temp\s9no.o \
  dist/default/production\Motion.X.production.o 

Object code version is 3.11

Machine type is 18F1330

Call graph: (short form)




                Name                               Link     Load   Length Selector   Space Scale
C:\Users\me\AppData\Local\Temp\s9no.o
                init                                 74       74        4        4       0
                reset_vec                             0        0        4        0       0
                idloc                            200000   200000        8   200000       0
                config                           300000   300000        E   300000       0
dist/default/production\Motion.X.production.o
                intcode                               8        8       6C        4       0
                temp                                 3D       3D        1        1       1
                smallconst                          100      100       B0       80       0
                text18                              9B8      9B8       38       D8       0
                text17                              930      930       48       D8       0
                text16                              ACC      ACC       18       D8       0
                text15                              A94      A94       1E       D8       0
                text14                              A76      A76       1E       D8       0
                text13                              730      730       86       D8       0
                text12                              978      978       40       D8       0
                text11                              A54      A54       22       D8       0
                text10                              9F0      9F0       34       D8       0
                text9                               A24      A24       30       D8       0
                text8                               6A8      6A8       88       D8       0
                text7                               7B6      7B6       78       D8       0
                text6                               460      460       D6       D8       0
                text5                               8DC      8DC       54       D8       0
                text4                               82E      82E       58       D8       0
                text3                               886      886       56       D8       0
                text2                               5F0      5F0       B8       D8       0
                text1                               536      536       BA       D8       0
                text0                               1B0      1B0      2B0       D8       0
                cstackCOMRAM                          1        1       28        1       1
                bssCOMRAM                            29       29       14        1       1
                cinit                               AB2      AB2       1A       D8       0

TOTAL           Name                               Link     Load   Length     Space
        CLASS   STACK          

        CLASS   CODE           
                intcode                               8        8       6C         0
                init                                 74       74        4         0
                reset_vec                             0        0        4         0
                text18                              9B8      9B8       38         0
                text17                              930      930       48         0
                text16                              ACC      ACC       18         0
                text15                              A94      A94       1E         0
                text14                              A76      A76       1E         0
                text13                              730      730       86         0
                text12                              978      978       40         0
                text11                              A54      A54       22         0
                text10                              9F0      9F0       34         0
                text9                               A24      A24       30         0
                text8                               6A8      6A8       88         0
                text7                               7B6      7B6       78         0
                text6                               460      460       D6         0
                text5                               8DC      8DC       54         0
                text4                               82E      82E       58         0
                text3                               886      886       56         0
                text2                               5F0      5F0       B8         0
                text1                               536      536       BA         0
                text0                               1B0      1B0      2B0         0
                cinit                               AB2      AB2       1A         0

        CLASS   CONST          

        CLASS   SMALLCONST     
                smallconst                          100      100       B0         0

        CLASS   MEDIUMCONST    

        CLASS   COMRAM         
                temp                                 3D       3D        1         1
                cstackCOMRAM                          1        1       28         1
                bssCOMRAM                            29       29       14         1

        CLASS   ABS1           

        CLASS   BIGRAM         

        CLASS   RAM            

        CLASS   BANK0          

        CLASS   SFR            

        CLASS   FARRAM         

        CLASS   CONFIG         
                config                           300000   300000        E         0

        CLASS   IDLOC          
                idloc                            200000   200000        8         0

        CLASS   EEDATA         



SEGMENTS        Name                           Load    Length   Top    Selector   Space  Class

                reset_vec                      000000  000004  000004         0       0  CODE    
                cstackCOMRAM                   000001  00003D  00003E         1       1  COMRAM  
                intcode                        000008  000070  000078         4       0  CODE    
                smallconst                     000100  0000B0  0001B0        80       0  SMALLCON
                text0                          0001B0  000934  000AE4        D8       0  CODE    
                idloc                          200000  000008  200008    200000       0  IDLOC   
                config                         300000  00000E  30000E    300000       0  CONFIG  


UNUSED ADDRESS RANGES

        Name                Unused          Largest block    Delta
        BANK0            000080-0000FF               80
        BIGRAM           00003E-0000FF               C2
        CODE             000004-000007                4
                         000078-0000FF               88
                         000AE4-001FFF             151C
        COMRAM           00003E-00007F               42
        CONST            000004-000007                4
                         000078-0000FF               88
                         000AE4-001FFF             151C
        EEDATA           F00000-F0007F               80
        MEDIUMCONST      000AE4-001FFF             151C
        RAM              000080-0000FF               80
        SFR              000F80-000FFF               80
        SMALLCONST       000AE4-001FFF              100
        STACK            000080-0000FF               80

                                  Symbol Table

?_ADC_Get                   cstackCOMRAM 000008
?___lwdiv                   cstackCOMRAM 000005
?___lwmod                   cstackCOMRAM 000005
?_strchr                    cstackCOMRAM 000005
?_strlen                    cstackCOMRAM 000005
?_strncmp                   cstackCOMRAM 00000B
?_strstr                    cstackCOMRAM 000014
ADC_Get@advalue             cstackCOMRAM 00000C
UART_Write_Text@i           cstackCOMRAM 00000A
UART_Write_Text@text        cstackCOMRAM 000006
UART_Write_byte@data        cstackCOMRAM 000005
_AC_Power_OldStatus         bssCOMRAM    000029
_ADCON0bits                 (abs)        000FC2
_ADCON1bits                 (abs)        000FC1
_ADCON2bits                 (abs)        000FC0
_ADC_Get                    text17       000930
_ADC_Init                   text16       000ACC
_ADRESH                     (abs)        000FC4
_ADRESL                     (abs)        000FC3
_BAUDCONbits                (abs)        000FB8
_INTCONbits                 (abs)        000FF2
_LATAbits                   (abs)        000F89
_LATBbits                   (abs)        000F8A
_Motion_1_OldStatus         bssCOMRAM    00002B
_Motion_2_OldStatus         bssCOMRAM    00002A
_OSCCONbits                 (abs)        000FD3
_OSCTUNEbits                (abs)        000F9B
_PIE1bits                   (abs)        000F9D
_PIR1bits                   (abs)        000F9E
_PORTAbits                  (abs)        000F80
_PORTBbits                  (abs)        000F81
_RCREG                      (abs)        000FAE
_RCSTAbits                  (abs)        000FAB
_SPBRG                      (abs)        000FAF
_TRISAbits                  (abs)        000F92
_TRISBbits                  (abs)        000F93
_TRMT                       (abs)        007D61
_TXREG                      (abs)        000FAD
_TXSTAbits                  (abs)        000FAC
_UART_Buffer_Ptr            bssCOMRAM    00002C
_UART_Init                  text15       000A94
_UART_Write_Text            text13       000730
_UART_Write_byte            text14       000A76
_UART_add_buffer            intcode      000008
_UART_buffer                bssCOMRAM    00002D
_UART_clean_buffer          text11       000A54
__CFG_BBSIZ$BB256           (abs)        000000
__CFG_BOR$BOHW              (abs)        000000
__CFG_BORV$3                (abs)        000000
__CFG_CP0$OFF               (abs)        000000
__CFG_CP1$OFF               (abs)        000000
__CFG_CPB$OFF               (abs)        000000
__CFG_CPD$OFF               (abs)        000000
__CFG_EBTR0$OFF             (abs)        000000
__CFG_EBTR1$OFF             (abs)        000000
__CFG_EBTRB$OFF             (abs)        000000
__CFG_FCMEN$OFF             (abs)        000000
__CFG_FLTAMX$RA5            (abs)        000000
__CFG_HPOL$HIGH             (abs)        000000
__CFG_IESO$OFF              (abs)        000000
__CFG_LPOL$HIGH             (abs)        000000
__CFG_MCLRE$OFF             (abs)        000000
__CFG_OSC$INTIO2            (abs)        000000
__CFG_PWMPIN$OFF            (abs)        000000
__CFG_PWRT$OFF              (abs)        000000
__CFG_STVREN$ON             (abs)        000000
__CFG_T1OSCMX$HIGH          (abs)        000000
__CFG_WDT$OFF               (abs)        000000
__CFG_WDTPS$32768           (abs)        000000
__CFG_WRT0$OFF              (abs)        000000
__CFG_WRT1$OFF              (abs)        000000
__CFG_WRTB$OFF              (abs)        000000
__CFG_WRTC$OFF              (abs)        000000
__CFG_WRTD$OFF              (abs)        000000
__CFG_XINST$OFF             (abs)        000000
__HRAM                      (abs)        000000
__Habs1                     abs1         000000
__Hbank0                    bank0        000000
__Hbigbss                   bigbss       000000
__Hbigdata                  bigdata      000000
__Hbigram                   bigram       000000
__Hbss                      bss          000000
__HbssCOMRAM                bssCOMRAM    000000
__Hcinit                    cinit        000000
__Hclrtext                  clrtext      000000
__Hcomram                   comram       000000
__Hconfig                   config       30000E
__Hconst                    const        000000
__HcstackCOMRAM             cstackCOMRAM 000000
__Hdata                     data         000000
__Heeprom_data              eeprom_data  000000
__Hfarbss                   farbss       000000
__Hfardata                  fardata      000000
__Hibigdata                 ibigdata     000000
__Hidata                    idata        000000
__Hidloc                    idloc        200008
__Hifardata                 ifardata     000000
__Hinit                     init         000078
__Hintcode                  intcode      000074
__Hintcode_body             intcode_body 000000
__Hintcodelo                intcodelo    000074
__Hintentry                 intentry     000000
__Hintret                   intret       000000
__Hintsave_regs             intsave_regs 000000
__Hirdata                   irdata       000000
__Hmediumconst              mediumconst  000000
__HnvFARRAM                 nvFARRAM     000000
__Hnvbit                    nvbit        000000
__Hnvrram                   nvrram       000000
__Hparam                    rparam       000000
__Hpowerup                  powerup      000074
__Hram                      ram          000000
__Hramtop                   ramtop       000100
__Hrbit                     rbit         000000
__Hrbss                     rbss         000000
__Hrdata                    rdata        000000
__Hreset_vec                reset_vec    000004
__Hrparam                   rparam       000000
__Hsfr                      sfr          000000
__Hsmallconst               smallconst   0001B0
__Hspace_0                  (abs)        30000E
__Hspace_1                  (abs)        00003E
__Hspace_2                  (abs)        000000
__Hstack                    stack        000000
__Hstruct                   struct       000000
__Htemp                     temp         00003E
__Htext                     text         000000
__Htext0                    text0        000000
__Htext1                    text1        000000
__Htext10                   text10       000000
__Htext11                   text11       000000
__Htext12                   text12       000000
__Htext13                   text13       000000
__Htext14                   text14       000000
__Htext15                   text15       000000
__Htext16                   text16       000000
__Htext17                   text17       000000
__Htext18                   text18       000000
__Htext2                    text2        000000
__Htext3                    text3        000000
__Htext4                    text4        000000
__Htext5                    text5        000000
__Htext6                    text6        000000
__Htext7                    text7        000000
__Htext8                    text8        000000
__Htext9                    text9        000000
__LRAM                      (abs)        000001
__Labs1                     abs1         000000
__Lbank0                    bank0        000000
__Lbigbss                   bigbss       000000
__Lbigdata                  bigdata      000000
__Lbigram                   bigram       000000
__Lbss                      bss          000000
__LbssCOMRAM                bssCOMRAM    000000
__Lcinit                    cinit        000000
__Lclrtext                  clrtext      000000
__Lcomram                   comram       000000
__Lconfig                   config       300000
__Lconst                    const        000000
__LcstackCOMRAM             cstackCOMRAM 000000
__Ldata                     data         000000
__Leeprom_data              eeprom_data  000000
__Lfarbss                   farbss       000000
__Lfardata                  fardata      000000
__Libigdata                 ibigdata     000000
__Lidata                    idata        000000
__Lidloc                    idloc        200000
__Lifardata                 ifardata     000000
__Linit                     init         000074
__Lintcode                  intcode      000008
__Lintcode_body             intcode_body 000000
__Lintcodelo                intcodelo    000074
__Lintentry                 intentry     000000
__Lintret                   intret       000000
__Lintsave_regs             intsave_regs 000000
__Lirdata                   irdata       000000
__Lmediumconst              mediumconst  000000
__LnvFARRAM                 nvFARRAM     000000
__Lnvbit                    nvbit        000000
__Lnvrram                   nvrram       000000
__Lparam                    rparam       000000
__Lpowerup                  powerup      000074
__Lram                      ram          000000
__Lramtop                   ramtop       000100
__Lrbit                     rbit         000000
__Lrbss                     rbss         000000
__Lrdata                    rdata        000000
__Lreset_vec                reset_vec    000000
__Lrparam                   rparam       000000
__Lsfr                      sfr          000000
__Lsmallconst               smallconst   000100
__Lspace_0                  (abs)        000000
__Lspace_1                  (abs)        000000
__Lspace_2                  (abs)        000000
__Lstack                    stack        000000
__Lstruct                   struct       000000
__Ltemp                     temp         00003D
__Ltext                     text         000000
__Ltext0                    text0        000000
__Ltext1                    text1        000000
__Ltext10                   text10       000000
__Ltext11                   text11       000000
__Ltext12                   text12       000000
__Ltext13                   text13       000000
__Ltext14                   text14       000000
__Ltext15                   text15       000000
__Ltext16                   text16       000000
__Ltext17                   text17       000000
__Ltext18                   text18       000000
__Ltext2                    text2        000000
__Ltext3                    text3        000000
__Ltext4                    text4        000000
__Ltext5                    text5        000000
__Ltext6                    text6        000000
__Ltext7                    text7        000000
__Ltext8                    text8        000000
__Ltext9                    text9        000000
__S0                        (abs)        30000E
__S1                        (abs)        00003E
__S2                        (abs)        000000
___inthi_sp                 stack        000000
___intlo_sp                 stack        000000
___lwdiv                    text8        0006A8
___lwdiv@counter            cstackCOMRAM 00000B
___lwdiv@dividend           cstackCOMRAM 000005
___lwdiv@divisor            cstackCOMRAM 000007
___lwdiv@quotient           cstackCOMRAM 000009
___lwmod                    text7        0007B6
___lwmod@counter            cstackCOMRAM 000009
___lwmod@dividend           cstackCOMRAM 000005
___lwmod@divisor            cstackCOMRAM 000007
___param_bank               (abs)        000000
___rparam_used              (abs)        000001
___sp                       stack        000000
__accesstop                 (abs)        000080
__activetblptr              (abs)        000002
__end_of_ADC_Get            text17       000978
__end_of_ADC_Init           text16       000AE4
__end_of_UART_Init          text15       000AB2
__end_of_UART_Write_Text    text13       0007B6
__end_of_UART_Write_byte    text14       000A94
__end_of_UART_add_buffer    intcode      000074
__end_of_UART_clean_buffer  text11       000A76
__end_of___lwdiv            text8        000730
__end_of___lwmod            text7        00082E
__end_of__initialization    cinit        000ABE
__end_of_delay_ms           text18       0009F0
__end_of_delay_s            text10       000A24
__end_of_delay_us           text9        000A54
__end_of_itoa               text5        000930
__end_of_main               text0        000460
__end_of_memset             text12       0009B8
__end_of_strchr             text4        000886
__end_of_strlen             text3        0008DC
__end_of_strncmp            text2        0006A8
__end_of_strstr             text1        0005F0
__end_of_utoa               text6        000536
__initialization            cinit        000AB2
__mediumconst               mediumconst  000000
__pbssCOMRAM                bssCOMRAM    000029
__pcinit                    cinit        000AB2
__pcstackCOMRAM             cstackCOMRAM 000001
__pintcode                  intcode      000008
__psmallconst               smallconst   000100
__ptext0                    text0        0001B0
__ptext1                    text1        000536
__ptext10                   text10       0009F0
__ptext11                   text11       000A54
__ptext12                   text12       000978
__ptext13                   text13       000730
__ptext14                   text14       000A76
__ptext15                   text15       000A94
__ptext16                   text16       000ACC
__ptext17                   text17       000930
__ptext18                   text18       0009B8
__ptext2                    text2        0005F0
__ptext3                    text3        000886
__ptext4                    text4        00082E
__ptext5                    text5        0008DC
__ptext6                    text6        000460
__ptext7                    text7        0007B6
__ptext8                    text8        0006A8
__ptext9                    text9        000A24
__ramtop                    ramtop       000100
__size_of_ADC_Get           (abs)        000000
__size_of_ADC_Init          (abs)        000000
__size_of_UART_Init         (abs)        000000
__size_of_UART_Write_Text   (abs)        000000
__size_of_UART_Write_byte   (abs)        000000
__size_of_UART_add_buffer   (abs)        000000
__size_of_UART_clean_buffer (abs)        000000
__size_of___lwdiv           (abs)        000000
__size_of___lwmod           (abs)        000000
__size_of_delay_ms          (abs)        000000
__size_of_delay_s           (abs)        000000
__size_of_delay_us          (abs)        000000
__size_of_itoa              (abs)        000000
__size_of_main              (abs)        000000
__size_of_memset            (abs)        000000
__size_of_strchr            (abs)        000000
__size_of_strlen            (abs)        000000
__size_of_strncmp           (abs)        000000
__size_of_strstr            (abs)        000000
__size_of_utoa              (abs)        000000
__smallconst                smallconst   000100
_delay_ms                   text18       0009B8
_delay_s                    text10       0009F0
_delay_us                   text9        000A24
_itoa                       text5        0008DC
_main                       text0        0001B0
_memset                     text12       000978
_strchr                     text4        00082E
_strlen                     text3        000886
_strncmp                    text2        0005F0
_strstr                     text1        000536
_utoa                       text6        000460
btemp                       temp         00003D
delay_ms@repeat_2           cstackCOMRAM 000005
delay_s@repeat_3            cstackCOMRAM 000008
delay_us@repeat_1           cstackCOMRAM 000005
end_of_initialization       cinit        000ABE
int$flags                   temp         00003D
intlevel0                   text         000000
intlevel1                   text         000000
intlevel2                   text         000000
intlevel3                   text         000000
itoa@base                   cstackCOMRAM 000019
itoa@buf                    cstackCOMRAM 000015
itoa@cp                     cstackCOMRAM 00001B
itoa@val                    cstackCOMRAM 000017
main@adcValue               cstackCOMRAM 000027
main@buffer                 cstackCOMRAM 00001D
memset@c                    cstackCOMRAM 000007
memset@n                    cstackCOMRAM 000009
memset@p                    cstackCOMRAM 00000B
memset@p1                   cstackCOMRAM 000005
stackhi                     (abs)        0000FF
stacklo                     (abs)        000080
start                       init         000074
start_initialization        cinit        000AB2
strchr@chr                  cstackCOMRAM 000007
strchr@ptr                  cstackCOMRAM 000005
strlen@cp                   cstackCOMRAM 000009
strlen@s                    cstackCOMRAM 000005
strncmp@len                 cstackCOMRAM 00000F
strncmp@s1                  cstackCOMRAM 00000B
strncmp@s2                  cstackCOMRAM 00000D
strstr@s1                   cstackCOMRAM 000014
strstr@s2                   cstackCOMRAM 000016
ttemp5                      temp         00003E
ttemp6                      temp         000041
ttemp7                      temp         000045
utoa@base                   cstackCOMRAM 000010
utoa@buf                    cstackCOMRAM 00000C
utoa@c                      cstackCOMRAM 000014
utoa@v                      cstackCOMRAM 000012
utoa@val                    cstackCOMRAM 00000E
wtemp8                      temp         00003E


FUNCTION INFORMATION:

 *************** function _main *****************
 Defined at:
		line 34 in file "main.c"
 Parameters:    Size  Location     Type
		None
 Auto vars:     Size  Location     Type
  buffer         10   28[COMRAM] unsigned char [10]
  adcValue        2   38[COMRAM] unsigned int 
 Return value:  Size  Location     Type
                  1    wreg      void 
 Registers used:
		wreg, fsr2l, fsr2h, status,2, status,0, tblptrl, tblptrh, tblptru, cstack
 Tracked objects:
		On entry : 
		On exit  : 
		Unchanged: 
 Data sizes:     COMRAM   BANK0
      Params:         0       0
      Locals:        12       0
      Temps:          0       0
      Totals:        12       0
Total ram usage:       12 bytes
 Hardware stack levels required when called:    4
 This function calls:
		_ADC_Get
		_ADC_Init
		_UART_Init
		_UART_Write_Text
		_UART_clean_buffer
		_delay_ms
		_delay_s
		_delay_us
		_itoa
		_strstr
 This function is called by:
		Startup code after reset
 This function uses a non-reentrant model


 *************** function _strstr *****************
 Defined at:
		line 4 in file "C:\Program Files (x86)\Microchip\xc8\v2.00\pic\sources\c90\common\strstr.c"
 Parameters:    Size  Location     Type
  s1              2   19[COMRAM] PTR const unsigned char 
		 -> NULL(0), UART_buffer(16), 
  s2              2   21[COMRAM] PTR const unsigned char 
		 -> STR_7(7), STR_5(6), STR_2(17), 
 Auto vars:     Size  Location     Type
		None
 Return value:  Size  Location     Type
                  2   19[COMRAM] PTR unsigned char 
 Registers used:
		wreg, fsr2l, fsr2h, status,2, status,0, tblptrl, tblptrh, tblptru, cstack
 Tracked objects:
		On entry : 
		On exit  : 
		Unchanged: 
 Data sizes:     COMRAM   BANK0
      Params:         4       0
      Locals:         0       0
      Temps:          0       0
      Totals:         4       0
Total ram usage:        4 bytes
 Hardware stack levels used:    1
 Hardware stack levels required when called:    2
 This function calls:
		_strchr
		_strlen
		_strncmp
 This function is called by:
		_main
 This function uses a non-reentrant model


 *************** function _strncmp *****************
 Defined at:
		line 4 in file "C:\Program Files (x86)\Microchip\xc8\v2.00\pic\sources\c90\common\strncmp.c"
 Parameters:    Size  Location     Type
  s1              2   10[COMRAM] PTR const unsigned char 
		 -> NULL(0), UART_buffer(16), 
  s2              2   12[COMRAM] PTR const unsigned char 
		 -> STR_7(7), STR_5(6), STR_2(17), 
  len             2   14[COMRAM] unsigned int 
 Auto vars:     Size  Location     Type
		None
 Return value:  Size  Location     Type
                  2   10[COMRAM] int 
 Registers used:
		wreg, fsr2l, fsr2h, status,2, status,0, tblptrl, tblptrh, tblptru
 Tracked objects:
		On entry : 
		On exit  : 
		Unchanged: 
 Data sizes:     COMRAM   BANK0
      Params:         6       0
      Locals:         0       0
      Temps:          3       0
      Totals:         9       0
Total ram usage:        9 bytes
 Hardware stack levels used:    1
 Hardware stack levels required when called:    1
 This function calls:
		Nothing
 This function is called by:
		_strstr
 This function uses a non-reentrant model


 *************** function _strlen *****************
 Defined at:
		line 4 in file "C:\Program Files (x86)\Microchip\xc8\v2.00\pic\sources\c90\common\strlen.c"
 Parameters:    Size  Location     Type
  s               2    4[COMRAM] PTR const unsigned char 
		 -> STR_7(7), STR_5(6), STR_2(17), 
 Auto vars:     Size  Location     Type
  cp              2    8[COMRAM] PTR const unsigned char 
		 -> STR_7(7), STR_5(6), STR_2(17), 
 Return value:  Size  Location     Type
                  2    4[COMRAM] unsigned int 
 Registers used:
		wreg, status,2, status,0, tblptrl, tblptrh, tblptru
 Tracked objects:
		On entry : 
		On exit  : 
		Unchanged: 
 Data sizes:     COMRAM   BANK0
      Params:         2       0
      Locals:         2       0
      Temps:          2       0
      Totals:         6       0
Total ram usage:        6 bytes
 Hardware stack levels used:    1
 Hardware stack levels required when called:    1
 This function calls:
		Nothing
 This function is called by:
		_strstr
 This function uses a non-reentrant model


 *************** function _strchr *****************
 Defined at:
		line 4 in file "C:\Program Files (x86)\Microchip\xc8\v2.00\pic\sources\c90\common\strchr.c"
 Parameters:    Size  Location     Type
  ptr             2    4[COMRAM] PTR const unsigned char 
		 -> NULL(0), UART_buffer(16), 
  chr             2    6[COMRAM] int 
 Auto vars:     Size  Location     Type
		None
 Return value:  Size  Location     Type
                  2    4[COMRAM] PTR unsigned char 
 Registers used:
		wreg, fsr2l, fsr2h, status,2, status,0
 Tracked objects:
		On entry : 
		On exit  : 
		Unchanged: 
 Data sizes:     COMRAM   BANK0
      Params:         4       0
      Locals:         0       0
      Temps:          1       0
      Totals:         5       0
Total ram usage:        5 bytes
 Hardware stack levels used:    1
 Hardware stack levels required when called:    1
 This function calls:
		Nothing
 This function is called by:
		_strstr
 This function uses a non-reentrant model


 *************** function _itoa *****************
 Defined at:
		line 4 in file "C:\Program Files (x86)\Microchip\xc8\v2.00\pic\sources\c90\common\itoa.c"
 Parameters:    Size  Location     Type
  buf             2   20[COMRAM] PTR unsigned char 
		 -> main@buffer(10), 
  val             2   22[COMRAM] int 
  base            2   24[COMRAM] int 
 Auto vars:     Size  Location     Type
  cp              2   26[COMRAM] PTR unsigned char 
		 -> main@buffer(10), 
 Return value:  Size  Location     Type
                  2   20[COMRAM] PTR unsigned char 
 Registers used:
		wreg, fsr2l, fsr2h, status,2, status,0, cstack
 Tracked objects:
		On entry : 
		On exit  : 
		Unchanged: 
 Data sizes:     COMRAM   BANK0
      Params:         6       0
      Locals:         2       0
      Temps:          0       0
      Totals:         8       0
Total ram usage:        8 bytes
 Hardware stack levels used:    1
 Hardware stack levels required when called:    3
 This function calls:
		_utoa
 This function is called by:
		_main
 This function uses a non-reentrant model


 *************** function _utoa *****************
 Defined at:
		line 17 in file "C:\Program Files (x86)\Microchip\xc8\v2.00\pic\sources\c90\common\itoa.c"
 Parameters:    Size  Location     Type
  buf             2   11[COMRAM] PTR unsigned char 
		 -> main@buffer(10), 
  val             2   13[COMRAM] unsigned int 
  base            2   15[COMRAM] int 
 Auto vars:     Size  Location     Type
  v               2   17[COMRAM] unsigned int 
  c               1   19[COMRAM] unsigned char 
 Return value:  Size  Location     Type
                  2   11[COMRAM] PTR unsigned char 
 Registers used:
		wreg, fsr2l, fsr2h, status,2, status,0, cstack
 Tracked objects:
		On entry : 
		On exit  : 
		Unchanged: 
 Data sizes:     COMRAM   BANK0
      Params:         6       0
      Locals:         3       0
      Temps:          0       0
      Totals:         9       0
Total ram usage:        9 bytes
 Hardware stack levels used:    1
 Hardware stack levels required when called:    2
 This function calls:
		___lwdiv
		___lwmod
 This function is called by:
		_itoa
 This function uses a non-reentrant model


 *************** function ___lwmod *****************
 Defined at:
		line 7 in file "C:\Program Files (x86)\Microchip\xc8\v2.00\pic\sources\c90\common\lwmod.c"
 Parameters:    Size  Location     Type
  dividend        2    4[COMRAM] unsigned int 
  divisor         2    6[COMRAM] unsigned int 
 Auto vars:     Size  Location     Type
  counter         1    8[COMRAM] unsigned char 
 Return value:  Size  Location     Type
                  2    4[COMRAM] unsigned int 
 Registers used:
		wreg, status,2, status,0
 Tracked objects:
		On entry : 
		On exit  : 
		Unchanged: 
 Data sizes:     COMRAM   BANK0
      Params:         4       0
      Locals:         1       0
      Temps:          0       0
      Totals:         5       0
Total ram usage:        5 bytes
 Hardware stack levels used:    1
 Hardware stack levels required when called:    1
 This function calls:
		Nothing
 This function is called by:
		_utoa
 This function uses a non-reentrant model


 *************** function ___lwdiv *****************
 Defined at:
		line 7 in file "C:\Program Files (x86)\Microchip\xc8\v2.00\pic\sources\c90\common\lwdiv.c"
 Parameters:    Size  Location     Type
  dividend        2    4[COMRAM] unsigned int 
  divisor         2    6[COMRAM] unsigned int 
 Auto vars:     Size  Location     Type
  quotient        2    8[COMRAM] unsigned int 
  counter         1   10[COMRAM] unsigned char 
 Return value:  Size  Location     Type
                  2    4[COMRAM] unsigned int 
 Registers used:
		wreg, status,2, status,0
 Tracked objects:
		On entry : 
		On exit  : 
		Unchanged: 
 Data sizes:     COMRAM   BANK0
      Params:         4       0
      Locals:         3       0
      Temps:          0       0
      Totals:         7       0
Total ram usage:        7 bytes
 Hardware stack levels used:    1
 Hardware stack levels required when called:    1
 This function calls:
		Nothing
 This function is called by:
		_utoa
 This function uses a non-reentrant model


 *************** function _delay_us *****************
 Defined at:
		line 10 in file "delay.h"
 Parameters:    Size  Location     Type
  repeat_1        2    4[COMRAM] int 
 Auto vars:     Size  Location     Type
		None
 Return value:  Size  Location     Type
                  1    wreg      void 
 Registers used:
		wreg, status,2, status,0
 Tracked objects:
		On entry : 
		On exit  : 
		Unchanged: 
 Data sizes:     COMRAM   BANK0
      Params:         2       0
      Locals:         0       0
      Temps:          0       0
      Totals:         2       0
Total ram usage:        2 bytes
 Hardware stack levels used:    1
 Hardware stack levels required when called:    1
 This function calls:
		Nothing
 This function is called by:
		_main
 This function uses a non-reentrant model


 *************** function _delay_s *****************
 Defined at:
		line 22 in file "delay.h"
 Parameters:    Size  Location     Type
  repeat_3        2    7[COMRAM] int 
 Auto vars:     Size  Location     Type
		None
 Return value:  Size  Location     Type
                  1    wreg      void 
 Registers used:
		wreg, status,2, status,0, cstack
 Tracked objects:
		On entry : 
		On exit  : 
		Unchanged: 
 Data sizes:     COMRAM   BANK0
      Params:         2       0
      Locals:         0       0
      Temps:          0       0
      Totals:         2       0
Total ram usage:        2 bytes
 Hardware stack levels used:    1
 Hardware stack levels required when called:    2
 This function calls:
		_delay_ms
 This function is called by:
		_main
 This function uses a non-reentrant model


 *************** function _UART_clean_buffer *****************
 Defined at:
		line 43 in file "uart.h"
 Parameters:    Size  Location     Type
		None
 Auto vars:     Size  Location     Type
		None
 Return value:  Size  Location     Type
                  1    wreg      void 
 Registers used:
		wreg, fsr2l, fsr2h, status,2, status,0, cstack
 Tracked objects:
		On entry : 
		On exit  : 
		Unchanged: 
 Data sizes:     COMRAM   BANK0
      Params:         0       0
      Locals:         0       0
      Temps:          0       0
      Totals:         0       0
Total ram usage:        0 bytes
 Hardware stack levels used:    1
 Hardware stack levels required when called:    2
 This function calls:
		_memset
 This function is called by:
		_main
 This function uses a non-reentrant model


 *************** function _memset *****************
 Defined at:
		line 8 in file "C:\Program Files (x86)\Microchip\xc8\v2.00\pic\sources\c90\common\memset.c"
 Parameters:    Size  Location     Type
  p1              2    4[COMRAM] PTR void 
		 -> UART_buffer(16), 
  c               2    6[COMRAM] int 
  n               2    8[COMRAM] unsigned int 
 Auto vars:     Size  Location     Type
  p               2   10[COMRAM] PTR unsigned char 
		 -> UART_buffer(16), 
 Return value:  Size  Location     Type
                  2    4[COMRAM] PTR void 
 Registers used:
		wreg, fsr2l, fsr2h, status,2, status,0
 Tracked objects:
		On entry : 
		On exit  : 
		Unchanged: 
 Data sizes:     COMRAM   BANK0
      Params:         6       0
      Locals:         2       0
      Temps:          0       0
      Totals:         8       0
Total ram usage:        8 bytes
 Hardware stack levels used:    1
 Hardware stack levels required when called:    1
 This function calls:
		Nothing
 This function is called by:
		_UART_clean_buffer
 This function uses a non-reentrant model


 *************** function _UART_Write_Text *****************
 Defined at:
		line 38 in file "uart.h"
 Parameters:    Size  Location     Type
  text            2    5[COMRAM] PTR unsigned char 
		 -> STR_14(10), STR_13(10), STR_12(22), STR_11(19), 
		 -> STR_10(22), STR_9(19), STR_8(9), STR_6(8), 
		 -> STR_4(2), main@buffer(10), STR_3(11), STR_1(13), 
 Auto vars:     Size  Location     Type
  i               2    9[COMRAM] int 
 Return value:  Size  Location     Type
                  1    wreg      void 
 Registers used:
		wreg, fsr2l, fsr2h, status,2, status,0, tblptrl, tblptrh, tblptru, cstack
 Tracked objects:
		On entry : 
		On exit  : 
		Unchanged: 
 Data sizes:     COMRAM   BANK0
      Params:         2       0
      Locals:         2       0
      Temps:          2       0
      Totals:         6       0
Total ram usage:        6 bytes
 Hardware stack levels used:    1
 Hardware stack levels required when called:    2
 This function calls:
		_UART_Write_byte
 This function is called by:
		_main
 This function uses a non-reentrant model


 *************** function _UART_Write_byte *****************
 Defined at:
		line 33 in file "uart.h"
 Parameters:    Size  Location     Type
  data            1    wreg     unsigned char 
 Auto vars:     Size  Location     Type
  data            1    4[COMRAM] unsigned char 
 Return value:  Size  Location     Type
                  1    wreg      void 
 Registers used:
		wreg
 Tracked objects:
		On entry : 
		On exit  : 
		Unchanged: 
 Data sizes:     COMRAM   BANK0
      Params:         0       0
      Locals:         1       0
      Temps:          0       0
      Totals:         1       0
Total ram usage:        1 bytes
 Hardware stack levels used:    1
 Hardware stack levels required when called:    1
 This function calls:
		Nothing
 This function is called by:
		_UART_Write_Text
 This function uses a non-reentrant model


 *************** function _UART_Init *****************
 Defined at:
		line 12 in file "uart.h"
 Parameters:    Size  Location     Type
		None
 Auto vars:     Size  Location     Type
		None
 Return value:  Size  Location     Type
                  1    wreg      void 
 Registers used:
		wreg, status,2
 Tracked objects:
		On entry : 
		On exit  : 
		Unchanged: 
 Data sizes:     COMRAM   BANK0
      Params:         0       0
      Locals:         0       0
      Temps:          0       0
      Totals:         0       0
Total ram usage:        0 bytes
 Hardware stack levels used:    1
 Hardware stack levels required when called:    1
 This function calls:
		Nothing
 This function is called by:
		_main
 This function uses a non-reentrant model


 *************** function _ADC_Init *****************
 Defined at:
		line 8 in file "adc.h"
 Parameters:    Size  Location     Type
		None
 Auto vars:     Size  Location     Type
		None
 Return value:  Size  Location     Type
                  1    wreg      void 
 Registers used:
		None
 Tracked objects:
		On entry : 
		On exit  : 
		Unchanged: 
 Data sizes:     COMRAM   BANK0
      Params:         0       0
      Locals:         0       0
      Temps:          0       0
      Totals:         0       0
Total ram usage:        0 bytes
 Hardware stack levels used:    1
 Hardware stack levels required when called:    1
 This function calls:
		Nothing
 This function is called by:
		_main
 This function uses a non-reentrant model


 *************** function _ADC_Get *****************
 Defined at:
		line 37 in file "adc.h"
 Parameters:    Size  Location     Type
		None
 Auto vars:     Size  Location     Type
  advalue         2   11[COMRAM] unsigned int 
 Return value:  Size  Location     Type
                  2    7[COMRAM] unsigned int 
 Registers used:
		wreg, status,2, status,0, cstack
 Tracked objects:
		On entry : 
		On exit  : 
		Unchanged: 
 Data sizes:     COMRAM   BANK0
      Params:         2       0
      Locals:         2       0
      Temps:          2       0
      Totals:         6       0
Total ram usage:        6 bytes
 Hardware stack levels used:    1
 Hardware stack levels required when called:    2
 This function calls:
		_delay_ms
 This function is called by:
		_main
 This function uses a non-reentrant model


 *************** function _delay_ms *****************
 Defined at:
		line 16 in file "delay.h"
 Parameters:    Size  Location     Type
  repeat_2        2    4[COMRAM] int 
 Auto vars:     Size  Location     Type
		None
 Return value:  Size  Location     Type
                  1    wreg      void 
 Registers used:
		wreg, status,2, status,0
 Tracked objects:
		On entry : 
		On exit  : 
		Unchanged: 
 Data sizes:     COMRAM   BANK0
      Params:         2       0
      Locals:         0       0
      Temps:          1       0
      Totals:         3       0
Total ram usage:        3 bytes
 Hardware stack levels used:    1
 Hardware stack levels required when called:    1
 This function calls:
		Nothing
 This function is called by:
		_delay_s
		_ADC_Get
		_main
 This function uses a non-reentrant model


 *************** function _UART_add_buffer *****************
 Defined at:
		line 48 in file "uart.h"
 Parameters:    Size  Location     Type
		None
 Auto vars:     Size  Location     Type
		None
 Return value:  Size  Location     Type
                  1    wreg      void 
 Registers used:
		wreg, fsr2l, fsr2h, status,2, status,0, prodl, prodh
 Tracked objects:
		On entry : 
		On exit  : 
		Unchanged: 
 Data sizes:     COMRAM   BANK0
      Params:         0       0
      Locals:         0       0
      Temps:          4       0
      Totals:         4       0
Total ram usage:        4 bytes
 Hardware stack levels used:    1
 This function calls:
		Nothing
 This function is called by:
		Interrupt level 2
 This function uses a non-reentrant model



MODULE INFORMATION

Module		Function		Class		Link	Load	Size
delay.h
		_delay_us      		CODE           	0A24	0000	49
		_delay_ms      		CODE           	09B8	0000	57
		_delay_s       		CODE           	09F0	0000	53

delay.h estimated size: 159

C:\Program Files (x86)\Microchip\xc8\v2.00\pic\sources\c90\common\lwmod.c
		___lwmod       		CODE           	07B6	0000	121

C:\Program Files (x86)\Microchip\xc8\v2.00\pic\sources\c90\common\lwmod.c estimated size: 121

C:\Program Files (x86)\Microchip\xc8\v2.00\pic\sources\c90\common\strncmp.c
		_strncmp       		CODE           	05F0	0000	185

C:\Program Files (x86)\Microchip\xc8\v2.00\pic\sources\c90\common\strncmp.c estimated size: 185

uart.h
		_UART_clean_buffer		CODE           	0A54	0000	35
		_UART_add_buffer		CODE           	0008	0000	109
		_UART_Init     		CODE           	0A94	0000	31
		_UART_Write_byte		CODE           	0A76	0000	31
		_UART_Write_Text		CODE           	0730	0000	135

uart.h estimated size: 341

C:\Program Files (x86)\Microchip\xc8\v2.00\pic\sources\c90\common\strstr.c
		_strstr        		CODE           	0536	0000	187

C:\Program Files (x86)\Microchip\xc8\v2.00\pic\sources\c90\common\strstr.c estimated size: 187

C:\Program Files (x86)\Microchip\xc8\v2.00\pic\sources\c90\common\itoa.c
		_itoa          		CODE           	08DC	0000	85
		_utoa          		CODE           	0460	0000	215

C:\Program Files (x86)\Microchip\xc8\v2.00\pic\sources\c90\common\itoa.c estimated size: 300

C:\Program Files (x86)\Microchip\xc8\v2.00\pic\sources\c90\common\lwdiv.c
		___lwdiv       		CODE           	06A8	0000	137

C:\Program Files (x86)\Microchip\xc8\v2.00\pic\sources\c90\common\lwdiv.c estimated size: 137

adc.h
		_ADC_Get       		CODE           	0930	0000	73
		_ADC_Init      		CODE           	0ACC	0000	25

adc.h estimated size: 98

shared
		__initialization		CODE           	0AB2	0000	13

shared estimated size: 13

C:\Program Files (x86)\Microchip\xc8\v2.00\pic\sources\c90\common\strlen.c
		_strlen        		CODE           	0886	0000	87

C:\Program Files (x86)\Microchip\xc8\v2.00\pic\sources\c90\common\strlen.c estimated size: 87

C:\Program Files (x86)\Microchip\xc8\v2.00\pic\sources\c90\common\strchr.c
		_strchr        		CODE           	082E	0000	89

C:\Program Files (x86)\Microchip\xc8\v2.00\pic\sources\c90\common\strchr.c estimated size: 89

C:\Program Files (x86)\Microchip\xc8\v2.00\pic\sources\c90\common\memset.c
		_memset        		CODE           	0978	0000	65

C:\Program Files (x86)\Microchip\xc8\v2.00\pic\sources\c90\common\memset.c estimated size: 65

main.c
		_main          		CODE           	01B0	0000	689

main.c estimated size: 689

