Microchip MPLAB XC8 Compiler V2.00 ()

Linker command line:

-W-3 --edf=C:\Program Files (x86)\Microchip\xc8\v2.00\pic\dat\en_msgs.txt \
  -cs -h+dist/default/production\Motion.X.production.sym \
  --cmf=dist/default/production\Motion.X.production.cmf -z -Q18F1330 \
  -oC:\Users\me\AppData\Local\Temp\sans.2 --defsym=__MPLAB_BUILD=1 \
  -Mdist/default/production/Motion.X.production.map -E1 -ver=XC8 \
  --acfsm=1493 -ASTACK=080h-0ffh -pstack=STACK -ACODE=00h-01FFFh \
  -ACONST=00h-01FFFh -ASMALLCONST=0100h-01FFhx31 -AMEDIUMCONST=0100h-01FFFh \
  -ACOMRAM=01h-07Fh -AABS1=00h-0FFh -ABIGRAM=01h-0FFh -ARAM=080h-0FFh \
  -ABANK0=080h-0FFh -ASFR=0F80h-0FFFh \
  -preset_vec=00h,intcode=08h,intcodelo,powerup,init -pramtop=0100h \
  -psmallconst=SMALLCONST -pmediumconst=MEDIUMCONST -pconst=CONST \
  -AFARRAM=00h-00h -ACONFIG=0300000h-030000Dh -pconfig=CONFIG \
  -AIDLOC=0200000h-0200007h -pidloc=IDLOC -AEEDATA=0F00000h-0F0007Fh \
  -peeprom_data=EEDATA \
  -prdata=COMRAM,nvrram=COMRAM,nvbit=COMRAM,rbss=COMRAM,rbit=COMRAM \
  -pfarbss=FARRAM,fardata=FARRAM,nvFARRAM=FARRAM \
  -pintsave_regs=BIGRAM,bigbss=BIGRAM,bigdata=BIGRAM -pbss=RAM \
  -pidata=CODE,irdata=CODE,ibigdata=CODE,ifardata=CODE -prparam=COMRAM \
  C:\Users\me\AppData\Local\Temp\sans.o \
  dist/default/production\Motion.X.production.o 

Object code version is 3.11

Machine type is 18F1330

Call graph: (short form)




                Name                               Link     Load   Length Selector   Space Scale
C:\Users\me\AppData\Local\Temp\sans.o
                init                                 78       78        4        4       0
                reset_vec                             0        0        4        0       0
                idloc                            200000   200000        8   200000       0
                config                           300000   300000        E   300000       0
dist/default/production\Motion.X.production.o
                intcode                               8        8       70        4       0
                temp                                 4B       4B        1        1       1
                smallconst                          100      100       E2       80       0
                text21                             11F0     11F0       18       F1       0
                text20                             10F6     10F6       36       F1       0
                text19                             11D2     11D2       1E       F1       0
                text18                             107E     107E       40       F1       0
                text17                             118C     118C       28       F1       0
                text16                             10BE     10BE       38       F1       0
                text15                             112C     112C       34       F1       0
                text14                             1036     1036       48       F1       0
                text13                             11B4     11B4       1E       F1       0
                text12                              D38      D38       8A       F1       0
                text11                              C80      C80       B8       F1       0
                text10                              EC2      EC2       72       F1       0
                text9                               DC2      DC2       88       F1       0
                text8                               E4A      E4A       78       F1       0
                text7                               A38      A38       D6       F1       0
                text6                               FE2      FE2       54       F1       0
                text5                               8B6      8B6      182       F1       0
                text4                               F34      F34       58       F1       0
                text3                               F8C      F8C       56       F1       0
                text2                               BC8      BC8       B8       F1       0
                text1                               B0E      B0E       BA       F1       0
                text0                               1E2      1E2      6D4       F1       0
                cstackCOMRAM                          1        1       32        1       1
                dataCOMRAM                           4A       4A        1        1       1
                bssCOMRAM                            33       33       17        1       1
                cinit                              1160     1160       2C       F1       0
                idataCOMRAM                        1208     1208        1       F1       0

TOTAL           Name                               Link     Load   Length     Space
        CLASS   STACK          

        CLASS   CODE           
                intcode                               8        8       70         0
                init                                 78       78        4         0
                reset_vec                             0        0        4         0
                text21                             11F0     11F0       18         0
                text20                             10F6     10F6       36         0
                text19                             11D2     11D2       1E         0
                text18                             107E     107E       40         0
                text17                             118C     118C       28         0
                text16                             10BE     10BE       38         0
                text15                             112C     112C       34         0
                text14                             1036     1036       48         0
                text13                             11B4     11B4       1E         0
                text12                              D38      D38       8A         0
                text11                              C80      C80       B8         0
                text10                              EC2      EC2       72         0
                text9                               DC2      DC2       88         0
                text8                               E4A      E4A       78         0
                text7                               A38      A38       D6         0
                text6                               FE2      FE2       54         0
                text5                               8B6      8B6      182         0
                text4                               F34      F34       58         0
                text3                               F8C      F8C       56         0
                text2                               BC8      BC8       B8         0
                text1                               B0E      B0E       BA         0
                text0                               1E2      1E2      6D4         0
                cinit                              1160     1160       2C         0
                idataCOMRAM                        1208     1208        1         0

        CLASS   CONST          

        CLASS   SMALLCONST     
                smallconst                          100      100       E2         0

        CLASS   MEDIUMCONST    

        CLASS   COMRAM         
                temp                                 4B       4B        1         1
                cstackCOMRAM                          1        1       32         1
                dataCOMRAM                           4A       4A        1         1
                bssCOMRAM                            33       33       17         1

        CLASS   ABS1           

        CLASS   BIGRAM         

        CLASS   RAM            

        CLASS   BANK0          

        CLASS   SFR            

        CLASS   FARRAM         

        CLASS   CONFIG         
                config                           300000   300000        E         0

        CLASS   IDLOC          
                idloc                            200000   200000        8         0

        CLASS   EEDATA         



SEGMENTS        Name                           Load    Length   Top    Selector   Space  Class

                reset_vec                      000000  000004  000004         0       0  CODE    
                cstackCOMRAM                   000001  00004B  00004C         1       1  COMRAM  
                intcode                        000008  000074  00007C         4       0  CODE    
                smallconst                     000100  0000E2  0001E2        80       0  SMALLCON
                text0                          0001E2  001027  001209        F1       0  CODE    
                idloc                          200000  000008  200008    200000       0  IDLOC   
                config                         300000  00000E  30000E    300000       0  CONFIG  


UNUSED ADDRESS RANGES

        Name                Unused          Largest block    Delta
        BANK0            000080-0000FF               80
        BIGRAM           00004C-0000FF               B4
        CODE             000004-000007                4
                         00007C-0000FF               84
                         001209-001FFF              DF7
        COMRAM           00004C-00007F               34
        CONST            000004-000007                4
                         00007C-0000FF               84
                         001209-001FFF              DF7
        EEDATA           F00000-F0007F               80
        MEDIUMCONST      001209-001FFF              DF7
        RAM              000080-0000FF               80
        SFR              000F80-000FFF               80
        SMALLCONST       001209-001FFF              100
        STACK            000080-0000FF               80

                                  Symbol Table

?_ADC_Get                   cstackCOMRAM 000008
?___lldiv                   cstackCOMRAM 000005
?___lmul                    cstackCOMRAM 000005
?___lwdiv                   cstackCOMRAM 000005
?___lwmod                   cstackCOMRAM 000005
?_strchr                    cstackCOMRAM 000005
?_strlen                    cstackCOMRAM 000005
?_strncmp                   cstackCOMRAM 00000B
?_strstr                    cstackCOMRAM 000014
ADC_Get@advalue             cstackCOMRAM 00000C
UART_Write_Text@i           cstackCOMRAM 00000B
UART_Write_Text@text        cstackCOMRAM 000006
UART_Write_Text@toSend      cstackCOMRAM 00000A
UART_Write_byte@data        cstackCOMRAM 000005
_ADCON0bits                 (abs)        000FC2
_ADCON1bits                 (abs)        000FC1
_ADCON2bits                 (abs)        000FC0
_ADC_Get                    text14       001036
_ADC_Init                   text21       0011F0
_ADRESH                     (abs)        000FC4
_ADRESL                     (abs)        000FC3
_BAUDCONbits                (abs)        000FB8
_IC_Init                    text20       0010F6
_INTCONbits                 (abs)        000FF2
_LATAbits                   (abs)        000F89
_LATBbits                   (abs)        000F8A
_OSCCONbits                 (abs)        000FD3
_OSCTUNEbits                (abs)        000F9B
_PIE1bits                   (abs)        000F9D
_PIR1bits                   (abs)        000F9E
_PORTAbits                  (abs)        000F80
_PORTBbits                  (abs)        000F81
_RCREG                      (abs)        000FAE
_RCSTAbits                  (abs)        000FAB
_SPBRG                      (abs)        000FAF
_Status_Ac_power            bssCOMRAM    00003D
_Status_Ac_power_old        bssCOMRAM    000038
_Status_Alarm_Enabled       bssCOMRAM    00003E
_Status_Alarm_Enabled_old   bssCOMRAM    000039
_Status_Alarm_Triggered     bssCOMRAM    00003F
_Status_Alarm_Triggered_old bssCOMRAM    00003A
_Status_Extra               bssCOMRAM    00003B
_Status_Extra_old           bssCOMRAM    000036
_Status_Siren               bssCOMRAM    00003C
_Status_Siren_old           bssCOMRAM    000037
_T0CONbits                  (abs)        000FD5
_TMR0H                      (abs)        000FD7
_TMR0IF                     (abs)        007F92
_TMR0L                      (abs)        000FD6
_TRISAbits                  (abs)        000F92
_TRISBbits                  (abs)        000F93
_TRMT                       (abs)        007D61
_TXREG                      (abs)        000FAD
_TXSTAbits                  (abs)        000FAC
_UART_Buffer_Ptr            bssCOMRAM    000041
_UART_Init                  text19       0011D2
_UART_Write_Text            text12       000D38
_UART_Write_byte            text13       0011B4
_UART_add_buffer            intcode      000008
_UART_buffer                bssCOMRAM    000042
_UART_clean_buffer          text17       00118C
__CFG_BBSIZ$BB256           (abs)        000000
__CFG_BOR$BOHW              (abs)        000000
__CFG_BORV$3                (abs)        000000
__CFG_CP0$OFF               (abs)        000000
__CFG_CP1$OFF               (abs)        000000
__CFG_CPB$OFF               (abs)        000000
__CFG_CPD$OFF               (abs)        000000
__CFG_EBTR0$OFF             (abs)        000000
__CFG_EBTR1$OFF             (abs)        000000
__CFG_EBTRB$OFF             (abs)        000000
__CFG_FCMEN$OFF             (abs)        000000
__CFG_FLTAMX$RA5            (abs)        000000
__CFG_HPOL$HIGH             (abs)        000000
__CFG_IESO$OFF              (abs)        000000
__CFG_LPOL$HIGH             (abs)        000000
__CFG_MCLRE$OFF             (abs)        000000
__CFG_OSC$INTIO2            (abs)        000000
__CFG_PWMPIN$OFF            (abs)        000000
__CFG_PWRT$OFF              (abs)        000000
__CFG_STVREN$ON             (abs)        000000
__CFG_T1OSCMX$HIGH          (abs)        000000
__CFG_WDT$OFF               (abs)        000000
__CFG_WDTPS$32768           (abs)        000000
__CFG_WRT0$OFF              (abs)        000000
__CFG_WRT1$OFF              (abs)        000000
__CFG_WRTB$OFF              (abs)        000000
__CFG_WRTC$OFF              (abs)        000000
__CFG_WRTD$OFF              (abs)        000000
__CFG_XINST$OFF             (abs)        000000
__HRAM                      (abs)        000000
__Habs1                     abs1         000000
__Hbank0                    bank0        000000
__Hbigbss                   bigbss       000000
__Hbigdata                  bigdata      000000
__Hbigram                   bigram       000000
__Hbss                      bss          000000
__HbssCOMRAM                bssCOMRAM    000000
__Hcinit                    cinit        000000
__Hclrtext                  clrtext      000000
__Hcomram                   comram       000000
__Hconfig                   config       30000E
__Hconst                    const        000000
__HcstackCOMRAM             cstackCOMRAM 000000
__Hdata                     data         000000
__HdataCOMRAM               dataCOMRAM   000000
__Heeprom_data              eeprom_data  000000
__Hfarbss                   farbss       000000
__Hfardata                  fardata      000000
__Hibigdata                 ibigdata     000000
__Hidata                    idata        000000
__HidataCOMRAM              idataCOMRAM  000000
__Hidloc                    idloc        200008
__Hifardata                 ifardata     000000
__Hinit                     init         00007C
__Hintcode                  intcode      000078
__Hintcode_body             intcode_body 000000
__Hintcodelo                intcodelo    000078
__Hintentry                 intentry     000000
__Hintret                   intret       000000
__Hintsave_regs             intsave_regs 000000
__Hirdata                   irdata       000000
__Hmediumconst              mediumconst  000000
__HnvFARRAM                 nvFARRAM     000000
__Hnvbit                    nvbit        000000
__Hnvrram                   nvrram       000000
__Hparam                    rparam       000000
__Hpowerup                  powerup      000078
__Hram                      ram          000000
__Hramtop                   ramtop       000100
__Hrbit                     rbit         000000
__Hrbss                     rbss         000000
__Hrdata                    rdata        000000
__Hreset_vec                reset_vec    000004
__Hrparam                   rparam       000000
__Hsfr                      sfr          000000
__Hsmallconst               smallconst   0001E2
__Hspace_0                  (abs)        30000E
__Hspace_1                  (abs)        00004C
__Hspace_2                  (abs)        000000
__Hstack                    stack        000000
__Hstruct                   struct       000000
__Htemp                     temp         00004C
__Htext                     text         000000
__Htext0                    text0        000000
__Htext1                    text1        000000
__Htext10                   text10       000000
__Htext11                   text11       000000
__Htext12                   text12       000000
__Htext13                   text13       000000
__Htext14                   text14       000000
__Htext15                   text15       000000
__Htext16                   text16       000000
__Htext17                   text17       000000
__Htext18                   text18       000000
__Htext19                   text19       000000
__Htext2                    text2        000000
__Htext20                   text20       000000
__Htext21                   text21       000000
__Htext3                    text3        000000
__Htext4                    text4        000000
__Htext5                    text5        000000
__Htext6                    text6        000000
__Htext7                    text7        000000
__Htext8                    text8        000000
__Htext9                    text9        000000
__LRAM                      (abs)        000001
__Labs1                     abs1         000000
__Lbank0                    bank0        000000
__Lbigbss                   bigbss       000000
__Lbigdata                  bigdata      000000
__Lbigram                   bigram       000000
__Lbss                      bss          000000
__LbssCOMRAM                bssCOMRAM    000000
__Lcinit                    cinit        000000
__Lclrtext                  clrtext      000000
__Lcomram                   comram       000000
__Lconfig                   config       300000
__Lconst                    const        000000
__LcstackCOMRAM             cstackCOMRAM 000000
__Ldata                     data         000000
__LdataCOMRAM               dataCOMRAM   000000
__Leeprom_data              eeprom_data  000000
__Lfarbss                   farbss       000000
__Lfardata                  fardata      000000
__Libigdata                 ibigdata     000000
__Lidata                    idata        000000
__LidataCOMRAM              idataCOMRAM  000000
__Lidloc                    idloc        200000
__Lifardata                 ifardata     000000
__Linit                     init         000078
__Lintcode                  intcode      000008
__Lintcode_body             intcode_body 000000
__Lintcodelo                intcodelo    000078
__Lintentry                 intentry     000000
__Lintret                   intret       000000
__Lintsave_regs             intsave_regs 000000
__Lirdata                   irdata       000000
__Lmediumconst              mediumconst  000000
__LnvFARRAM                 nvFARRAM     000000
__Lnvbit                    nvbit        000000
__Lnvrram                   nvrram       000000
__Lparam                    rparam       000000
__Lpowerup                  powerup      000078
__Lram                      ram          000000
__Lramtop                   ramtop       000100
__Lrbit                     rbit         000000
__Lrbss                     rbss         000000
__Lrdata                    rdata        000000
__Lreset_vec                reset_vec    000000
__Lrparam                   rparam       000000
__Lsfr                      sfr          000000
__Lsmallconst               smallconst   000100
__Lspace_0                  (abs)        000000
__Lspace_1                  (abs)        000000
__Lspace_2                  (abs)        000000
__Lstack                    stack        000000
__Lstruct                   struct       000000
__Ltemp                     temp         00004B
__Ltext                     text         000000
__Ltext0                    text0        000000
__Ltext1                    text1        000000
__Ltext10                   text10       000000
__Ltext11                   text11       000000
__Ltext12                   text12       000000
__Ltext13                   text13       000000
__Ltext14                   text14       000000
__Ltext15                   text15       000000
__Ltext16                   text16       000000
__Ltext17                   text17       000000
__Ltext18                   text18       000000
__Ltext19                   text19       000000
__Ltext2                    text2        000000
__Ltext20                   text20       000000
__Ltext21                   text21       000000
__Ltext3                    text3        000000
__Ltext4                    text4        000000
__Ltext5                    text5        000000
__Ltext6                    text6        000000
__Ltext7                    text7        000000
__Ltext8                    text8        000000
__Ltext9                    text9        000000
__S0                        (abs)        30000E
__S1                        (abs)        00004C
__S2                        (abs)        000000
___inthi_sp                 stack        000000
___intlo_sp                 stack        000000
___lldiv                    text11       000C80
___lldiv@counter            cstackCOMRAM 000011
___lldiv@dividend           cstackCOMRAM 000005
___lldiv@divisor            cstackCOMRAM 000009
___lldiv@quotient           cstackCOMRAM 00000D
___lmul                     text10       000EC2
___lmul@multiplicand        cstackCOMRAM 000009
___lmul@multiplier          cstackCOMRAM 000005
___lmul@product             cstackCOMRAM 00000D
___lwdiv                    text9        000DC2
___lwdiv@counter            cstackCOMRAM 00000B
___lwdiv@dividend           cstackCOMRAM 000005
___lwdiv@divisor            cstackCOMRAM 000007
___lwdiv@quotient           cstackCOMRAM 000009
___lwmod                    text8        000E4A
___lwmod@counter            cstackCOMRAM 000009
___lwmod@dividend           cstackCOMRAM 000005
___lwmod@divisor            cstackCOMRAM 000007
___param_bank               (abs)        000000
___rparam_used              (abs)        000001
___sp                       stack        000000
__accesstop                 (abs)        000080
__activetblptr              (abs)        000002
__end_of_ADC_Get            text14       00107E
__end_of_ADC_Init           text21       001208
__end_of_IC_Init            text20       00112C
__end_of_UART_Init          text19       0011F0
__end_of_UART_Write_Text    text12       000DC2
__end_of_UART_Write_byte    text13       0011D2
__end_of_UART_add_buffer    intcode      000078
__end_of_UART_clean_buffer  text17       0011B4
__end_of___lldiv            text11       000D38
__end_of___lmul             text10       000F34
__end_of___lwdiv            text9        000E4A
__end_of___lwmod            text8        000EC2
__end_of__initialization    cinit        00117E
__end_of_delay_ms           text16       0010F6
__end_of_delay_s            text15       001160
__end_of_itoa               text6        001036
__end_of_main               text0        0008B6
__end_of_memset             text18       0010BE
__end_of_send_Status        text5        000A38
__end_of_strchr             text4        000F8C
__end_of_strlen             text3        000FE2
__end_of_strncmp            text2        000C80
__end_of_strstr             text1        000BC8
__end_of_utoa               text7        000B0E
__initialization            cinit        001160
__mediumconst               mediumconst  000000
__pbssCOMRAM                bssCOMRAM    000033
__pcinit                    cinit        001160
__pcstackCOMRAM             cstackCOMRAM 000001
__pdataCOMRAM               dataCOMRAM   00004A
__pidataCOMRAM              idataCOMRAM  001208
__pintcode                  intcode      000008
__psmallconst               smallconst   000100
__ptext0                    text0        0001E2
__ptext1                    text1        000B0E
__ptext10                   text10       000EC2
__ptext11                   text11       000C80
__ptext12                   text12       000D38
__ptext13                   text13       0011B4
__ptext14                   text14       001036
__ptext15                   text15       00112C
__ptext16                   text16       0010BE
__ptext17                   text17       00118C
__ptext18                   text18       00107E
__ptext19                   text19       0011D2
__ptext2                    text2        000BC8
__ptext20                   text20       0010F6
__ptext21                   text21       0011F0
__ptext3                    text3        000F8C
__ptext4                    text4        000F34
__ptext5                    text5        0008B6
__ptext6                    text6        000FE2
__ptext7                    text7        000A38
__ptext8                    text8        000E4A
__ptext9                    text9        000DC2
__ramtop                    ramtop       000100
__size_of_ADC_Get           (abs)        000000
__size_of_ADC_Init          (abs)        000000
__size_of_IC_Init           (abs)        000000
__size_of_UART_Init         (abs)        000000
__size_of_UART_Write_Text   (abs)        000000
__size_of_UART_Write_byte   (abs)        000000
__size_of_UART_add_buffer   (abs)        000000
__size_of_UART_clean_buffer (abs)        000000
__size_of___lldiv           (abs)        000000
__size_of___lmul            (abs)        000000
__size_of___lwdiv           (abs)        000000
__size_of___lwmod           (abs)        000000
__size_of_delay_ms          (abs)        000000
__size_of_delay_s           (abs)        000000
__size_of_itoa              (abs)        000000
__size_of_main              (abs)        000000
__size_of_memset            (abs)        000000
__size_of_send_Status       (abs)        000000
__size_of_strchr            (abs)        000000
__size_of_strlen            (abs)        000000
__size_of_strncmp           (abs)        000000
__size_of_strstr            (abs)        000000
__size_of_utoa              (abs)        000000
__smallconst                smallconst   000100
_allArmed                   bssCOMRAM    000035
_cycleAlarm                 dataCOMRAM   00004A
_cycleAlarmCounter          bssCOMRAM    000034
_delay_ms                   text16       0010BE
_delay_s                    text15       00112C
_itoa                       text6        000FE2
_main                       text0        0001E2
_memset                     text18       00107E
_received_char              bssCOMRAM    000040
_send_Status                text5        0008B6
_strchr                     text4        000F34
_strlen                     text3        000F8C
_strncmp                    text2        000BC8
_strstr                     text1        000B0E
_trash                      bssCOMRAM    000033
_utoa                       text7        000A38
btemp                       temp         00004B
delay_ms@repeat_2           cstackCOMRAM 000005
delay_s@repeat_3            cstackCOMRAM 000008
end_of_initialization       cinit        00117E
int$flags                   temp         00004B
intlevel0                   text         000000
intlevel1                   text         000000
intlevel2                   text         000000
intlevel3                   text         000000
itoa@base                   cstackCOMRAM 000019
itoa@buf                    cstackCOMRAM 000015
itoa@cp                     cstackCOMRAM 00001B
itoa@val                    cstackCOMRAM 000017
main@i                      cstackCOMRAM 000031
memset@c                    cstackCOMRAM 000007
memset@n                    cstackCOMRAM 000009
memset@p                    cstackCOMRAM 00000B
memset@p1                   cstackCOMRAM 000005
send_Status@adcValue        cstackCOMRAM 00002B
send_Status@batValue        cstackCOMRAM 00002D
send_Status@buffer          cstackCOMRAM 00001D
send_Status@temp            cstackCOMRAM 000027
stackhi                     (abs)        0000FF
stacklo                     (abs)        000080
start                       init         000078
start_initialization        cinit        001160
strchr@chr                  cstackCOMRAM 000007
strchr@ptr                  cstackCOMRAM 000005
strlen@cp                   cstackCOMRAM 000009
strlen@s                    cstackCOMRAM 000005
strncmp@len                 cstackCOMRAM 00000F
strncmp@s1                  cstackCOMRAM 00000B
strncmp@s2                  cstackCOMRAM 00000D
strstr@s1                   cstackCOMRAM 000014
strstr@s2                   cstackCOMRAM 000016
ttemp5                      temp         00004C
ttemp6                      temp         00004F
ttemp7                      temp         000053
utoa@base                   cstackCOMRAM 000010
utoa@buf                    cstackCOMRAM 00000C
utoa@c                      cstackCOMRAM 000014
utoa@v                      cstackCOMRAM 000012
utoa@val                    cstackCOMRAM 00000E
wtemp8                      temp         00004C


FUNCTION INFORMATION:

 *************** function _main *****************
 Defined at:
		line 25 in file "main.c"
 Parameters:    Size  Location     Type
		None
 Auto vars:     Size  Location     Type
  i               2   48[COMRAM] int 
  counter         1    0        unsigned char 
 Return value:  Size  Location     Type
                  1    wreg      void 
 Registers used:
		wreg, fsr2l, fsr2h, status,2, status,0, tblptrl, tblptrh, tblptru, cstack
 Tracked objects:
		On entry : 
		On exit  : 
		Unchanged: 
 Data sizes:     COMRAM   BANK0
      Params:         0       0
      Locals:         2       0
      Temps:          2       0
      Totals:         4       0
Total ram usage:        4 bytes
 Hardware stack levels required when called:    5
 This function calls:
		_ADC_Init
		_IC_Init
		_UART_Init
		_UART_Write_Text
		_UART_clean_buffer
		_delay_ms
		_delay_s
		_send_Status
		_strstr
 This function is called by:
		Startup code after reset
 This function uses a non-reentrant model


 *************** function _strstr *****************
 Defined at:
		line 4 in file "C:\Program Files (x86)\Microchip\xc8\v2.00\pic\sources\c90\common\strstr.c"
 Parameters:    Size  Location     Type
  s1              2   19[COMRAM] PTR const unsigned char 
		 -> NULL(0), UART_buffer(8), 
  s2              2   21[COMRAM] PTR const unsigned char 
		 -> STR_29(9), STR_28(9), STR_27(9), STR_26(9), 
		 -> STR_25(9), STR_24(9), STR_23(9), STR_22(9), 
		 -> STR_21(9), STR_20(9), STR_19(9), STR_18(9), 
		 -> STR_17(9), STR_16(9), STR_15(9), STR_14(9), 
 Auto vars:     Size  Location     Type
		None
 Return value:  Size  Location     Type
                  2   19[COMRAM] PTR unsigned char 
 Registers used:
		wreg, fsr2l, fsr2h, status,2, status,0, tblptrl, tblptrh, tblptru, cstack
 Tracked objects:
		On entry : 
		On exit  : 
		Unchanged: 
 Data sizes:     COMRAM   BANK0
      Params:         4       0
      Locals:         0       0
      Temps:          0       0
      Totals:         4       0
Total ram usage:        4 bytes
 Hardware stack levels used:    1
 Hardware stack levels required when called:    2
 This function calls:
		_strchr
		_strlen
		_strncmp
 This function is called by:
		_main
 This function uses a non-reentrant model


 *************** function _strncmp *****************
 Defined at:
		line 4 in file "C:\Program Files (x86)\Microchip\xc8\v2.00\pic\sources\c90\common\strncmp.c"
 Parameters:    Size  Location     Type
  s1              2   10[COMRAM] PTR const unsigned char 
		 -> NULL(0), UART_buffer(8), 
  s2              2   12[COMRAM] PTR const unsigned char 
		 -> STR_29(9), STR_28(9), STR_27(9), STR_26(9), 
		 -> STR_25(9), STR_24(9), STR_23(9), STR_22(9), 
		 -> STR_21(9), STR_20(9), STR_19(9), STR_18(9), 
		 -> STR_17(9), STR_16(9), STR_15(9), STR_14(9), 
  len             2   14[COMRAM] unsigned int 
 Auto vars:     Size  Location     Type
		None
 Return value:  Size  Location     Type
                  2   10[COMRAM] int 
 Registers used:
		wreg, fsr2l, fsr2h, status,2, status,0, tblptrl, tblptrh, tblptru
 Tracked objects:
		On entry : 
		On exit  : 
		Unchanged: 
 Data sizes:     COMRAM   BANK0
      Params:         6       0
      Locals:         0       0
      Temps:          3       0
      Totals:         9       0
Total ram usage:        9 bytes
 Hardware stack levels used:    1
 Hardware stack levels required when called:    1
 This function calls:
		Nothing
 This function is called by:
		_strstr
 This function uses a non-reentrant model


 *************** function _strlen *****************
 Defined at:
		line 4 in file "C:\Program Files (x86)\Microchip\xc8\v2.00\pic\sources\c90\common\strlen.c"
 Parameters:    Size  Location     Type
  s               2    4[COMRAM] PTR const unsigned char 
		 -> STR_29(9), STR_28(9), STR_27(9), STR_26(9), 
		 -> STR_25(9), STR_24(9), STR_23(9), STR_22(9), 
		 -> STR_21(9), STR_20(9), STR_19(9), STR_18(9), 
		 -> STR_17(9), STR_16(9), STR_15(9), STR_14(9), 
 Auto vars:     Size  Location     Type
  cp              2    8[COMRAM] PTR const unsigned char 
		 -> STR_29(9), STR_28(9), STR_27(9), STR_26(9), 
		 -> STR_25(9), STR_24(9), STR_23(9), STR_22(9), 
		 -> STR_21(9), STR_20(9), STR_19(9), STR_18(9), 
		 -> STR_17(9), STR_16(9), STR_15(9), STR_14(9), 
 Return value:  Size  Location     Type
                  2    4[COMRAM] unsigned int 
 Registers used:
		wreg, status,2, status,0, tblptrl, tblptrh, tblptru
 Tracked objects:
		On entry : 
		On exit  : 
		Unchanged: 
 Data sizes:     COMRAM   BANK0
      Params:         2       0
      Locals:         2       0
      Temps:          2       0
      Totals:         6       0
Total ram usage:        6 bytes
 Hardware stack levels used:    1
 Hardware stack levels required when called:    1
 This function calls:
		Nothing
 This function is called by:
		_strstr
 This function uses a non-reentrant model


 *************** function _strchr *****************
 Defined at:
		line 4 in file "C:\Program Files (x86)\Microchip\xc8\v2.00\pic\sources\c90\common\strchr.c"
 Parameters:    Size  Location     Type
  ptr             2    4[COMRAM] PTR const unsigned char 
		 -> NULL(0), UART_buffer(8), 
  chr             2    6[COMRAM] int 
 Auto vars:     Size  Location     Type
		None
 Return value:  Size  Location     Type
                  2    4[COMRAM] PTR unsigned char 
 Registers used:
		wreg, fsr2l, fsr2h, status,2, status,0
 Tracked objects:
		On entry : 
		On exit  : 
		Unchanged: 
 Data sizes:     COMRAM   BANK0
      Params:         4       0
      Locals:         0       0
      Temps:          1       0
      Totals:         5       0
Total ram usage:        5 bytes
 Hardware stack levels used:    1
 Hardware stack levels required when called:    1
 This function calls:
		Nothing
 This function is called by:
		_strstr
 This function uses a non-reentrant model


 *************** function _send_Status *****************
 Defined at:
		line 67 in file "uart.h"
 Parameters:    Size  Location     Type
		None
 Auto vars:     Size  Location     Type
  buffer         10   28[COMRAM] unsigned char [10]
  temp            4   38[COMRAM] unsigned long 
  batValue        2   44[COMRAM] unsigned int 
  adcValue        2   42[COMRAM] unsigned int 
 Return value:  Size  Location     Type
                  1    wreg      void 
 Registers used:
		wreg, fsr2l, fsr2h, status,2, status,0, tblptrl, tblptrh, tblptru, cstack
 Tracked objects:
		On entry : 
		On exit  : 
		Unchanged: 
 Data sizes:     COMRAM   BANK0
      Params:         0       0
      Locals:        18       0
      Temps:          0       0
      Totals:        18       0
Total ram usage:       18 bytes
 Hardware stack levels used:    1
 Hardware stack levels required when called:    4
 This function calls:
		_ADC_Get
		_UART_Write_Text
		___lldiv
		___lmul
		_itoa
 This function is called by:
		_main
 This function uses a non-reentrant model


 *************** function _itoa *****************
 Defined at:
		line 4 in file "C:\Program Files (x86)\Microchip\xc8\v2.00\pic\sources\c90\common\itoa.c"
 Parameters:    Size  Location     Type
  buf             2   20[COMRAM] PTR unsigned char 
		 -> send_Status@buffer(10), 
  val             2   22[COMRAM] int 
  base            2   24[COMRAM] int 
 Auto vars:     Size  Location     Type
  cp              2   26[COMRAM] PTR unsigned char 
		 -> send_Status@buffer(10), 
 Return value:  Size  Location     Type
                  2   20[COMRAM] PTR unsigned char 
 Registers used:
		wreg, fsr2l, fsr2h, status,2, status,0, cstack
 Tracked objects:
		On entry : 
		On exit  : 
		Unchanged: 
 Data sizes:     COMRAM   BANK0
      Params:         6       0
      Locals:         2       0
      Temps:          0       0
      Totals:         8       0
Total ram usage:        8 bytes
 Hardware stack levels used:    1
 Hardware stack levels required when called:    3
 This function calls:
		_utoa
 This function is called by:
		_send_Status
 This function uses a non-reentrant model


 *************** function _utoa *****************
 Defined at:
		line 17 in file "C:\Program Files (x86)\Microchip\xc8\v2.00\pic\sources\c90\common\itoa.c"
 Parameters:    Size  Location     Type
  buf             2   11[COMRAM] PTR unsigned char 
		 -> send_Status@buffer(10), 
  val             2   13[COMRAM] unsigned int 
  base            2   15[COMRAM] int 
 Auto vars:     Size  Location     Type
  v               2   17[COMRAM] unsigned int 
  c               1   19[COMRAM] unsigned char 
 Return value:  Size  Location     Type
                  2   11[COMRAM] PTR unsigned char 
 Registers used:
		wreg, fsr2l, fsr2h, status,2, status,0, cstack
 Tracked objects:
		On entry : 
		On exit  : 
		Unchanged: 
 Data sizes:     COMRAM   BANK0
      Params:         6       0
      Locals:         3       0
      Temps:          0       0
      Totals:         9       0
Total ram usage:        9 bytes
 Hardware stack levels used:    1
 Hardware stack levels required when called:    2
 This function calls:
		___lwdiv
		___lwmod
 This function is called by:
		_itoa
 This function uses a non-reentrant model


 *************** function ___lwmod *****************
 Defined at:
		line 7 in file "C:\Program Files (x86)\Microchip\xc8\v2.00\pic\sources\c90\common\lwmod.c"
 Parameters:    Size  Location     Type
  dividend        2    4[COMRAM] unsigned int 
  divisor         2    6[COMRAM] unsigned int 
 Auto vars:     Size  Location     Type
  counter         1    8[COMRAM] unsigned char 
 Return value:  Size  Location     Type
                  2    4[COMRAM] unsigned int 
 Registers used:
		wreg, status,2, status,0
 Tracked objects:
		On entry : 
		On exit  : 
		Unchanged: 
 Data sizes:     COMRAM   BANK0
      Params:         4       0
      Locals:         1       0
      Temps:          0       0
      Totals:         5       0
Total ram usage:        5 bytes
 Hardware stack levels used:    1
 Hardware stack levels required when called:    1
 This function calls:
		Nothing
 This function is called by:
		_utoa
 This function uses a non-reentrant model


 *************** function ___lwdiv *****************
 Defined at:
		line 7 in file "C:\Program Files (x86)\Microchip\xc8\v2.00\pic\sources\c90\common\lwdiv.c"
 Parameters:    Size  Location     Type
  dividend        2    4[COMRAM] unsigned int 
  divisor         2    6[COMRAM] unsigned int 
 Auto vars:     Size  Location     Type
  quotient        2    8[COMRAM] unsigned int 
  counter         1   10[COMRAM] unsigned char 
 Return value:  Size  Location     Type
                  2    4[COMRAM] unsigned int 
 Registers used:
		wreg, status,2, status,0
 Tracked objects:
		On entry : 
		On exit  : 
		Unchanged: 
 Data sizes:     COMRAM   BANK0
      Params:         4       0
      Locals:         3       0
      Temps:          0       0
      Totals:         7       0
Total ram usage:        7 bytes
 Hardware stack levels used:    1
 Hardware stack levels required when called:    1
 This function calls:
		Nothing
 This function is called by:
		_utoa
 This function uses a non-reentrant model


 *************** function ___lmul *****************
 Defined at:
		line 15 in file "C:\Program Files (x86)\Microchip\xc8\v2.00\pic\sources\c90\common\Umul32.c"
 Parameters:    Size  Location     Type
  multiplier      4    4[COMRAM] unsigned long 
  multiplicand    4    8[COMRAM] unsigned long 
 Auto vars:     Size  Location     Type
  product         4   12[COMRAM] unsigned long 
 Return value:  Size  Location     Type
                  4    4[COMRAM] unsigned long 
 Registers used:
		wreg, status,2, status,0
 Tracked objects:
		On entry : 
		On exit  : 
		Unchanged: 
 Data sizes:     COMRAM   BANK0
      Params:         8       0
      Locals:         4       0
      Temps:          0       0
      Totals:        12       0
Total ram usage:       12 bytes
 Hardware stack levels used:    1
 Hardware stack levels required when called:    1
 This function calls:
		Nothing
 This function is called by:
		_send_Status
 This function uses a non-reentrant model


 *************** function ___lldiv *****************
 Defined at:
		line 7 in file "C:\Program Files (x86)\Microchip\xc8\v2.00\pic\sources\c90\common\__lldiv.c"
 Parameters:    Size  Location     Type
  dividend        4    4[COMRAM] unsigned long 
  divisor         4    8[COMRAM] unsigned long 
 Auto vars:     Size  Location     Type
  quotient        4   12[COMRAM] unsigned long 
  counter         1   16[COMRAM] unsigned char 
 Return value:  Size  Location     Type
                  4    4[COMRAM] unsigned long 
 Registers used:
		wreg, status,2, status,0
 Tracked objects:
		On entry : 
		On exit  : 
		Unchanged: 
 Data sizes:     COMRAM   BANK0
      Params:         8       0
      Locals:         5       0
      Temps:          0       0
      Totals:        13       0
Total ram usage:       13 bytes
 Hardware stack levels used:    1
 Hardware stack levels required when called:    1
 This function calls:
		Nothing
 This function is called by:
		_send_Status
 This function uses a non-reentrant model


 *************** function _UART_Write_Text *****************
 Defined at:
		line 53 in file "uart.h"
 Parameters:    Size  Location     Type
  text            2    5[COMRAM] PTR unsigned char 
		 -> STR_30(13), STR_13(15), STR_12(14), STR_11(14), 
		 -> STR_10(4), STR_9(3), STR_8(5), STR_7(4), 
		 -> STR_6(4), STR_5(4), STR_4(5), STR_3(4), 
		 -> STR_2(6), STR_1(5), send_Status@buffer(10), 
 Auto vars:     Size  Location     Type
  i               2   10[COMRAM] int 
  toSend          1    9[COMRAM] unsigned char 
 Return value:  Size  Location     Type
                  1    wreg      void 
 Registers used:
		wreg, fsr2l, fsr2h, status,2, status,0, tblptrl, tblptrh, tblptru, cstack
 Tracked objects:
		On entry : 
		On exit  : 
		Unchanged: 
 Data sizes:     COMRAM   BANK0
      Params:         2       0
      Locals:         3       0
      Temps:          2       0
      Totals:         7       0
Total ram usage:        7 bytes
 Hardware stack levels used:    1
 Hardware stack levels required when called:    2
 This function calls:
		_UART_Write_byte
 This function is called by:
		_send_Status
		_main
 This function uses a non-reentrant model


 *************** function _UART_Write_byte *****************
 Defined at:
		line 48 in file "uart.h"
 Parameters:    Size  Location     Type
  data            1    wreg     unsigned char 
 Auto vars:     Size  Location     Type
  data            1    4[COMRAM] unsigned char 
 Return value:  Size  Location     Type
                  1    wreg      void 
 Registers used:
		wreg
 Tracked objects:
		On entry : 
		On exit  : 
		Unchanged: 
 Data sizes:     COMRAM   BANK0
      Params:         0       0
      Locals:         1       0
      Temps:          0       0
      Totals:         1       0
Total ram usage:        1 bytes
 Hardware stack levels used:    1
 Hardware stack levels required when called:    1
 This function calls:
		Nothing
 This function is called by:
		_UART_Write_Text
 This function uses a non-reentrant model


 *************** function _ADC_Get *****************
 Defined at:
		line 37 in file "adc.h"
 Parameters:    Size  Location     Type
		None
 Auto vars:     Size  Location     Type
  advalue         2   11[COMRAM] unsigned int 
 Return value:  Size  Location     Type
                  2    7[COMRAM] unsigned int 
 Registers used:
		wreg, status,2, status,0, cstack
 Tracked objects:
		On entry : 
		On exit  : 
		Unchanged: 
 Data sizes:     COMRAM   BANK0
      Params:         2       0
      Locals:         2       0
      Temps:          2       0
      Totals:         6       0
Total ram usage:        6 bytes
 Hardware stack levels used:    1
 Hardware stack levels required when called:    2
 This function calls:
		_delay_ms
 This function is called by:
		_send_Status
 This function uses a non-reentrant model


 *************** function _delay_s *****************
 Defined at:
		line 22 in file "delay.h"
 Parameters:    Size  Location     Type
  repeat_3        2    7[COMRAM] int 
 Auto vars:     Size  Location     Type
		None
 Return value:  Size  Location     Type
                  1    wreg      void 
 Registers used:
		wreg, status,2, status,0, cstack
 Tracked objects:
		On entry : 
		On exit  : 
		Unchanged: 
 Data sizes:     COMRAM   BANK0
      Params:         2       0
      Locals:         0       0
      Temps:          0       0
      Totals:         2       0
Total ram usage:        2 bytes
 Hardware stack levels used:    1
 Hardware stack levels required when called:    2
 This function calls:
		_delay_ms
 This function is called by:
		_main
 This function uses a non-reentrant model


 *************** function _delay_ms *****************
 Defined at:
		line 16 in file "delay.h"
 Parameters:    Size  Location     Type
  repeat_2        2    4[COMRAM] int 
 Auto vars:     Size  Location     Type
		None
 Return value:  Size  Location     Type
                  1    wreg      void 
 Registers used:
		wreg, status,2, status,0
 Tracked objects:
		On entry : 
		On exit  : 
		Unchanged: 
 Data sizes:     COMRAM   BANK0
      Params:         2       0
      Locals:         0       0
      Temps:          1       0
      Totals:         3       0
Total ram usage:        3 bytes
 Hardware stack levels used:    1
 Hardware stack levels required when called:    1
 This function calls:
		Nothing
 This function is called by:
		_delay_s
		_ADC_Get
		_main
 This function uses a non-reentrant model


 *************** function _UART_clean_buffer *****************
 Defined at:
		line 61 in file "uart.h"
 Parameters:    Size  Location     Type
		None
 Auto vars:     Size  Location     Type
		None
 Return value:  Size  Location     Type
                  1    wreg      void 
 Registers used:
		wreg, fsr2l, fsr2h, status,2, status,0, cstack
 Tracked objects:
		On entry : 
		On exit  : 
		Unchanged: 
 Data sizes:     COMRAM   BANK0
      Params:         0       0
      Locals:         0       0
      Temps:          0       0
      Totals:         0       0
Total ram usage:        0 bytes
 Hardware stack levels used:    1
 Hardware stack levels required when called:    2
 This function calls:
		_memset
 This function is called by:
		_main
 This function uses a non-reentrant model


 *************** function _memset *****************
 Defined at:
		line 8 in file "C:\Program Files (x86)\Microchip\xc8\v2.00\pic\sources\c90\common\memset.c"
 Parameters:    Size  Location     Type
  p1              2    4[COMRAM] PTR void 
		 -> UART_buffer(8), 
  c               2    6[COMRAM] int 
  n               2    8[COMRAM] unsigned int 
 Auto vars:     Size  Location     Type
  p               2   10[COMRAM] PTR unsigned char 
		 -> UART_buffer(8), 
 Return value:  Size  Location     Type
                  2    4[COMRAM] PTR void 
 Registers used:
		wreg, fsr2l, fsr2h, status,2, status,0
 Tracked objects:
		On entry : 
		On exit  : 
		Unchanged: 
 Data sizes:     COMRAM   BANK0
      Params:         6       0
      Locals:         2       0
      Temps:          0       0
      Totals:         8       0
Total ram usage:        8 bytes
 Hardware stack levels used:    1
 Hardware stack levels required when called:    1
 This function calls:
		Nothing
 This function is called by:
		_UART_clean_buffer
 This function uses a non-reentrant model


 *************** function _UART_Init *****************
 Defined at:
		line 27 in file "uart.h"
 Parameters:    Size  Location     Type
		None
 Auto vars:     Size  Location     Type
		None
 Return value:  Size  Location     Type
                  1    wreg      void 
 Registers used:
		wreg, status,2
 Tracked objects:
		On entry : 
		On exit  : 
		Unchanged: 
 Data sizes:     COMRAM   BANK0
      Params:         0       0
      Locals:         0       0
      Temps:          0       0
      Totals:         0       0
Total ram usage:        0 bytes
 Hardware stack levels used:    1
 Hardware stack levels required when called:    1
 This function calls:
		Nothing
 This function is called by:
		_main
 This function uses a non-reentrant model


 *************** function _IC_Init *****************
 Defined at:
		line 2 in file "ic.h"
 Parameters:    Size  Location     Type
		None
 Auto vars:     Size  Location     Type
		None
 Return value:  Size  Location     Type
                  1    wreg      void 
 Registers used:
		None
 Tracked objects:
		On entry : 
		On exit  : 
		Unchanged: 
 Data sizes:     COMRAM   BANK0
      Params:         0       0
      Locals:         0       0
      Temps:          0       0
      Totals:         0       0
Total ram usage:        0 bytes
 Hardware stack levels used:    1
 Hardware stack levels required when called:    1
 This function calls:
		Nothing
 This function is called by:
		_main
 This function uses a non-reentrant model


 *************** function _ADC_Init *****************
 Defined at:
		line 8 in file "adc.h"
 Parameters:    Size  Location     Type
		None
 Auto vars:     Size  Location     Type
		None
 Return value:  Size  Location     Type
                  1    wreg      void 
 Registers used:
		None
 Tracked objects:
		On entry : 
		On exit  : 
		Unchanged: 
 Data sizes:     COMRAM   BANK0
      Params:         0       0
      Locals:         0       0
      Temps:          0       0
      Totals:         0       0
Total ram usage:        0 bytes
 Hardware stack levels used:    1
 Hardware stack levels required when called:    1
 This function calls:
		Nothing
 This function is called by:
		_main
 This function uses a non-reentrant model


 *************** function _UART_add_buffer *****************
 Defined at:
		line 110 in file "uart.h"
 Parameters:    Size  Location     Type
		None
 Auto vars:     Size  Location     Type
		None
 Return value:  Size  Location     Type
                  1    wreg      void 
 Registers used:
		wreg, fsr2l, fsr2h, status,2, status,0, prodl, prodh
 Tracked objects:
		On entry : 
		On exit  : 
		Unchanged: 
 Data sizes:     COMRAM   BANK0
      Params:         0       0
      Locals:         0       0
      Temps:          4       0
      Totals:         4       0
Total ram usage:        4 bytes
 Hardware stack levels used:    1
 This function calls:
		Nothing
 This function is called by:
		Interrupt level 2
 This function uses a non-reentrant model



MODULE INFORMATION

Module		Function		Class		Link	Load	Size
delay.h
		_delay_ms      		CODE           	10BE	0000	57
		_delay_s       		CODE           	112C	0000	53

delay.h estimated size: 110

C:\Program Files (x86)\Microchip\xc8\v2.00\pic\sources\c90\common\lwmod.c
		___lwmod       		CODE           	0E4A	0000	121

C:\Program Files (x86)\Microchip\xc8\v2.00\pic\sources\c90\common\lwmod.c estimated size: 121

C:\Program Files (x86)\Microchip\xc8\v2.00\pic\sources\c90\common\strncmp.c
		_strncmp       		CODE           	0BC8	0000	185

C:\Program Files (x86)\Microchip\xc8\v2.00\pic\sources\c90\common\strncmp.c estimated size: 185

uart.h
		_UART_clean_buffer		CODE           	118C	0000	41
		_UART_add_buffer		CODE           	0008	0000	113
		_UART_Init     		CODE           	11D2	0000	31
		_UART_Write_byte		CODE           	11B4	0000	31
		_UART_Write_Text		CODE           	0D38	0000	139
		_send_Status   		CODE           	08B6	0000	387

uart.h estimated size: 742

C:\Program Files (x86)\Microchip\xc8\v2.00\pic\sources\c90\common\strstr.c
		_strstr        		CODE           	0B0E	0000	187

C:\Program Files (x86)\Microchip\xc8\v2.00\pic\sources\c90\common\strstr.c estimated size: 187

C:\Program Files (x86)\Microchip\xc8\v2.00\pic\sources\c90\common\itoa.c
		_itoa          		CODE           	0FE2	0000	85
		_utoa          		CODE           	0A38	0000	215

C:\Program Files (x86)\Microchip\xc8\v2.00\pic\sources\c90\common\itoa.c estimated size: 300

C:\Program Files (x86)\Microchip\xc8\v2.00\pic\sources\c90\common\__lldiv.c
		___lldiv       		CODE           	0C80	0000	185

C:\Program Files (x86)\Microchip\xc8\v2.00\pic\sources\c90\common\__lldiv.c estimated size: 185

C:\Program Files (x86)\Microchip\xc8\v2.00\pic\sources\c90\common\lwdiv.c
		___lwdiv       		CODE           	0DC2	0000	137

C:\Program Files (x86)\Microchip\xc8\v2.00\pic\sources\c90\common\lwdiv.c estimated size: 137

adc.h
		_ADC_Get       		CODE           	1036	0000	73
		_ADC_Init      		CODE           	11F0	0000	25

adc.h estimated size: 98

C:\Program Files (x86)\Microchip\xc8\v2.00\pic\sources\c90\common\Umul32.c
		___lmul        		CODE           	0EC2	0000	115

C:\Program Files (x86)\Microchip\xc8\v2.00\pic\sources\c90\common\Umul32.c estimated size: 115

ic.h
		_IC_Init       		CODE           	10F6	0000	55

ic.h estimated size: 55

shared
		__initialization		CODE           	1160	0000	31

shared estimated size: 31

C:\Program Files (x86)\Microchip\xc8\v2.00\pic\sources\c90\common\strlen.c
		_strlen        		CODE           	0F8C	0000	87

C:\Program Files (x86)\Microchip\xc8\v2.00\pic\sources\c90\common\strlen.c estimated size: 87

C:\Program Files (x86)\Microchip\xc8\v2.00\pic\sources\c90\common\strchr.c
		_strchr        		CODE           	0F34	0000	89

C:\Program Files (x86)\Microchip\xc8\v2.00\pic\sources\c90\common\strchr.c estimated size: 89

C:\Program Files (x86)\Microchip\xc8\v2.00\pic\sources\c90\common\memset.c
		_memset        		CODE           	107E	0000	65

C:\Program Files (x86)\Microchip\xc8\v2.00\pic\sources\c90\common\memset.c estimated size: 65

main.c
		_main          		CODE           	01E2	0000	1749

main.c estimated size: 1749

